// Jest Snapshot v1, https://goo.gl/fbAQLP

exports[`TextField should default to a text field 1`] = `
<FormikConnect(FieldInner)
  name="name"
  render={[Function]}
/>
`;

exports[`TextField should render a checkbox 1`] = `
<FormikConnect(FieldInner)
  name="name"
  render={[Function]}
/>
`;

exports[`TextField should render a text area 1`] = `
<FormikConnect(FieldInner)
  name="name"
  render={[Function]}
/>
`;
