// Jest Snapshot v1, https://goo.gl/fbAQLP

exports[`ExternalLogout rendering renders ExternalLogout 1`] = `
<div
  className="external-logout"
  style={
    Object {
      "backgroundImage": "url(/some-background)",
    }
  }
>
  <Grid>
    <GridItem
      md={6}
      mdOffset={3}
      sm={8}
      smOffset={2}
      span={12}
    >
      <header
        className="login-pf-page-header"
      >
        <img
          alt="logo"
          className="brand"
          src="/some-logo"
        />
        <div
          className="login-pf-caption"
        >
          <h1
            id="title"
          >
            Welcome
          </h1>
          <p
            id="login_text"
          >
            some caption
          </p>
        </div>
      </header>
      <Button
        className="login-pf-submit-button"
        component="a"
        href="some link"
        isBlock={true}
        ouiaId="login-pf-submit-button"
        size="lg"
        type="submit"
        variant="primary"
      >
        Click to log in again
      </Button>
    </GridItem>
  </Grid>
</div>
`;
