// Jest Snapshot v1, https://goo.gl/fbAQLP

exports[`Panel Panel and composition Panel composition 1`] = `
<Panel
  type=""
>
  <div
    className="panel panel-default "
  >
    <PanelHeading>
      <div
        className="panel-heading "
        data-toggle="tooltip"
      >
        <PanelTitle
          text="Title"
        >
          <h3
            className="panel-title "
          >
            Title
          </h3>
        </PanelTitle>
      </div>
    </PanelHeading>
    <PanelBody>
      <div
        className="panel-body "
      >
        <ul>
          <li>
            1
          </li>
          <li>
            2
          </li>
          <li>
            3
          </li>
        </ul>
      </div>
    </PanelBody>
    <PanelFooter>
      <div
        className="panel-footer "
      >
        This is the footer
      </div>
    </PanelFooter>
  </div>
</Panel>
`;

exports[`Panel PanelFooter renders correct text, style, and children 1`] = `
<div
  className="panel-footer "
>
  This is the footer
</div>
`;
