// Jest Snapshot v1, https://goo.gl/fbAQLP

exports[`UserDropdown rendering render switcher w/loading 1`] = `
<Fragment>
  <Dropdown
    className=""
    dropdownItems={
      Array [
        <DropdownItem
          className="user_menuitem"
          href="/"
          onClick={[Function]}
        >
          My Account
        </DropdownItem>,
        <DropdownSeparator />,
      ]
    }
    isOpen={true}
    isPlain={true}
    notification_url="/"
    onSelect={[Function]}
    position="right"
    toggle={
      <DropdownToggle
        onToggle={[Function]}
      >
        <Icon
          name="user avatar small"
          type="fa"
        />
        G L
      </DropdownToggle>
    }
  />
</Fragment>
`;
