// Jest Snapshot v1, https://goo.gl/fbAQLP

exports[`bookmarks empty state 1`] = `
<Dropdown
  bsClass="dropdown"
  componentClass={[Function]}
  id="hosts"
  onClick={[Function]}
  onToggle={[Function]}
  pullRight={true}
>
  <ButtonGroup
    block={false}
    bsClass="btn-group"
    className="dropdown"
    justified={false}
    onClick={[Function]}
    vertical={false}
  >
    <div
      className="dropdown btn-group"
      onClick={[Function]}
    >
      <DropdownToggle
        bsClass="dropdown-toggle"
        bsRole="toggle"
        id="hosts"
        key=".0"
        onClick={[Function]}
        onKeyDown={[Function]}
        open={false}
        title="Bookmarks"
        useAnchor={false}
      >
        <Button
          active={false}
          aria-expanded={false}
          aria-haspopup={true}
          block={false}
          bsClass="btn"
          bsStyle="default"
          className="dropdown-toggle"
          disabled={false}
          id="hosts"
          onClick={[Function]}
          onKeyDown={[Function]}
          role="button"
          title="Bookmarks"
        >
          <button
            aria-expanded={false}
            aria-haspopup={true}
            className="dropdown-toggle btn btn-default"
            disabled={false}
            id="hosts"
            onClick={[Function]}
            onKeyDown={[Function]}
            role="button"
            title="Bookmarks"
            type="button"
          >
            <Icon
              name="bookmark"
              type="fa"
            >
              <FontAwesome
                name="bookmark"
              >
                <span
                  aria-hidden={true}
                  className="fa fa-bookmark"
                />
              </FontAwesome>
            </Icon>
             
            <span
              className="caret"
            />
          </button>
        </Button>
      </DropdownToggle>
      <DropdownMenu
        bsClass="dropdown-menu"
        bsRole="menu"
        className="scrollable-dropdown"
        key=".1"
        labelledBy="hosts"
        onClose={[Function]}
        onSelect={[Function]}
        pullRight={true}
      >
        <RootCloseWrapper
          disabled={true}
          event="click"
          onRootClose={[Function]}
        >
          <ul
            aria-labelledby="hosts"
            className="scrollable-dropdown dropdown-menu dropdown-menu-right"
            role="menu"
          >
            <MenuItem
              bsClass="dropdown"
              disabled={false}
              divider={false}
              header={false}
              id="newBookmark"
              key=".$newBookmark"
              onClick={[Function]}
              onKeyDown={[Function]}
              onSelect={[Function]}
            >
              <li
                className=""
                role="presentation"
              >
                <SafeAnchor
                  componentClass="a"
                  id="newBookmark"
                  onClick={[Function]}
                  onKeyDown={[Function]}
                  role="menuitem"
                  tabIndex="-1"
                >
                  <a
                    href="#"
                    id="newBookmark"
                    onClick={[Function]}
                    onKeyDown={[Function]}
                    role="menuitem"
                    tabIndex="-1"
                  >
                    Bookmark this search
                  </a>
                </SafeAnchor>
              </li>
            </MenuItem>
            <DocumentationLink
              href=""
              key=".1"
              onKeyDown={[Function]}
              onSelect={[Function]}
            >
              <MenuItem
                bsClass="dropdown"
                disabled={false}
                divider={false}
                header={false}
                href=""
                key="documentationUrl"
                onClick={[Function]}
              >
                <li
                  className=""
                  role="presentation"
                >
                  <SafeAnchor
                    componentClass="a"
                    href=""
                    onClick={[Function]}
                    role="menuitem"
                    tabIndex="-1"
                  >
                    <a
                      href="#"
                      onClick={[Function]}
                      onKeyDown={[Function]}
                      role="menuitem"
                      tabIndex="-1"
                    >
                      <Icon
                        name="question-circle"
                        type="fa"
                      >
                        <FontAwesome
                          name="question-circle"
                        >
                          <span
                            aria-hidden={true}
                            className="fa fa-question-circle"
                          />
                        </FontAwesome>
                      </Icon>
                       Documentation
                    </a>
                  </SafeAnchor>
                </li>
              </MenuItem>
            </DocumentationLink>
            <MenuItem
              bsClass="dropdown"
              disabled={false}
              divider={true}
              header={false}
              key=".2"
              onKeyDown={[Function]}
              onSelect={[Function]}
            >
              <li
                className="divider"
                onKeyDown={[Function]}
                role="separator"
              />
            </MenuItem>
            <MenuItem
              bsClass="dropdown"
              disabled={false}
              divider={false}
              header={true}
              key=".3"
              onKeyDown={[Function]}
              onSelect={[Function]}
            >
              <li
                className="dropdown-header"
                onKeyDown={[Function]}
                role="heading"
              >
                Saved Bookmarks
              </li>
            </MenuItem>
          </ul>
        </RootCloseWrapper>
      </DropdownMenu>
    </div>
  </ButtonGroup>
</Dropdown>
`;

exports[`bookmarks should show an error message if loading failed 1`] = `
<MenuItem
  bsClass="dropdown"
  disabled={false}
  divider={false}
  header={false}
  key=".$bookmarks-errors"
  onKeyDown={[Function]}
  onSelect={[Function]}
>
  <li
    className=""
    role="presentation"
  >
    <SafeAnchor
      componentClass="a"
      onClick={[Function]}
      onKeyDown={[Function]}
      role="menuitem"
      tabIndex="-1"
    >
      <a
        href="#"
        onClick={[Function]}
        onKeyDown={[Function]}
        role="menuitem"
        tabIndex="-1"
      >
        <EllipisWithTooltip>
          <div
            onMouseEnter={[Function]}
            style={
              Object {
                "overflow": "hidden",
                "overflowWrap": "break-word",
                "textOverflow": "ellipsis",
                "whiteSpace": "nowrap",
                "wordBreak": "break-all",
              }
            }
          >
            Failed to load bookmarks: %s
          </div>
        </EllipisWithTooltip>
      </a>
    </SafeAnchor>
  </li>
</MenuItem>
`;

exports[`bookmarks should show no bookmarks if server did not respond with any 1`] = `
Array [
  <SafeAnchor
    componentClass="a"
    id="newBookmark"
    onClick={[Function]}
    onKeyDown={[Function]}
    role="menuitem"
    tabIndex="-1"
  >
    <a
      href="#"
      id="newBookmark"
      onClick={[Function]}
      onKeyDown={[Function]}
      role="menuitem"
      tabIndex="-1"
    >
      Bookmark this search
    </a>
  </SafeAnchor>,
  <SafeAnchor
    componentClass="a"
    href=""
    onClick={[Function]}
    role="menuitem"
    tabIndex="-1"
  >
    <a
      href="#"
      onClick={[Function]}
      onKeyDown={[Function]}
      role="menuitem"
      tabIndex="-1"
    >
      <Icon
        name="question-circle"
        type="fa"
      >
        <FontAwesome
          name="question-circle"
        >
          <span
            aria-hidden={true}
            className="fa fa-question-circle"
          />
        </FontAwesome>
      </Icon>
       Documentation
    </a>
  </SafeAnchor>,
  <SafeAnchor
    componentClass="a"
    onClick={[Function]}
    onKeyDown={[Function]}
    role="menuitem"
    tabIndex="-1"
  >
    <a
      href="#"
      onClick={[Function]}
      onKeyDown={[Function]}
      role="menuitem"
      tabIndex="-1"
    >
       
      None found
    </a>
  </SafeAnchor>,
]
`;
