// Jest Snapshot v1, https://goo.gl/fbAQLP

exports[`withReactRoutes should render and pass props: should render and pass props 1`] = `
<Router
  history={
    Object {
      "action": "POP",
      "block": [Function],
      "createHref": [Function],
      "go": [Function],
      "goBack": [Function],
      "goForward": [Function],
      "length": 1,
      "listen": [Function],
      "location": Object {
        "hash": "",
        "pathname": "/",
        "search": "",
        "state": undefined,
      },
      "push": [Function],
      "replace": [Function],
    }
  }
>
  <AppSwitcher
    serverRoutes={Array []}
  >
    <Component
      name="foo"
    />
  </AppSwitcher>
</Router>
`;
