// Jest Snapshot v1, https://goo.gl/fbAQLP

exports[`RegistrationCommandsPage - Actions renders 1`] = `
<Fragment>
  <ActionGroup>
    <Button
      id="generate_btn"
      isDisabled={false}
      isLoading={false}
      onClick={[Function]}
      variant="primary"
    >
      Generate
    </Button>
    <Link
      to="/hosts"
    >
      <Button
        variant="link"
      >
        Cancel
      </Button>
    </Link>
  </ActionGroup>
  <FormGroup
    fieldId="actions_help"
  >
    <FormHelperText
      icon={
        <ExclamationCircleIcon
          color="currentColor"
          noVerticalAlign={false}
          size="sm"
        />
      }
      isHidden={true}
    />
  </FormGroup>
</Fragment>
`;
