// Jest Snapshot v1, https://goo.gl/fbAQLP

exports[`RegistrationCommandsPage fields - Repository renders 1`] = `
<Fragment>
  <RepositoryModal
    handleModalToggle={[Function]}
    handleRepoData={[Function]}
    id="register_host_repo_modal"
    isLoading={false}
    isModalOpen={false}
    ouiaId="register_host_repo_modal"
    repoData={Array []}
  />
  <FormGroup
    fieldId="reg_repo"
    label="Repositories"
    labelIcon={
      <LabelIcon
        text="Repositories to be added before the registration is performed. It can be useful to e.g. make the subscription-manager packages available for the purpose of the registration. GPG keys can also be provided here if necessary."
      />
    }
  >
    <Button
      icon={
        <PlusCircleIcon
          color="currentColor"
          noVerticalAlign={false}
          size="sm"
        />
      }
      onClick={[Function]}
      ouiaId="host_reg_add_more_repositories"
      variant="link"
    >
      Add repositories for registration (0 set)
    </Button>
  </FormGroup>
</Fragment>
`;
