// Jest Snapshot v1, https://goo.gl/fbAQLP

exports[`MemoryAllocationInput rendering should render with default props 1`] = `
<Grid
  bsClass="container"
  componentClass="div"
  fluid={false}
>
  <Row
    bsClass="row"
    componentClass="div"
  >
    <Col
      bsClass="col"
      componentClass="div"
    >
      <NumericInput
        className=""
        disabled={false}
        format={[Function]}
        label="Memory"
        minValue={0}
        name=""
        onChange={[Function]}
        parser={[Function]}
        precision={0}
        readOnly={false}
        step={1}
        value={1}
      />
    </Col>
  </Row>
  <Row
    bsClass="row"
    componentClass="div"
  >
    <Col
      bsClass="col"
      componentClass="div"
      md={2}
    />
    <Col
      bsClass="col"
      className="form-group"
      componentClass="div"
      md={4}
    />
  </Row>
</Grid>
`;
