// Jest Snapshot v1, https://goo.gl/fbAQLP

exports[`DecadeViewTable is working properly 1`] = `
<tbody>
  <tr>
    <td
      colspan="7"
    >
      <span
        class="year "
      >
        2010
      </span>
      <span
        class="year "
      >
        2011
      </span>
      <span
        class="year "
      >
        2012
      </span>
      <span
        class="year "
      >
        2013
      </span>
      <span
        class="year "
      >
        2014
      </span>
      <span
        class="year "
      >
        2015
      </span>
      <span
        class="year "
      >
        2016
      </span>
      <span
        class="year "
      >
        2017
      </span>
      <span
        class="year "
      >
        2018
      </span>
      <span
        class="year active"
      >
        2019
      </span>
      <span
        class="year "
      >
        2020
      </span>
      <span
        class="year "
      >
        2021
      </span>
    </td>
  </tr>
</tbody>
`;
