// Jest Snapshot v1, https://goo.gl/fbAQLP

exports[`ShowTaxonomyInline rendering render organizations 1`] = `
<Grid>
  <GridItem
    span={3}
  >
    <span>
      Affected Organizations
    </span>
  </GridItem>
  <GridItem
    span={9}
  >
    <strong>
      <Button
        className="apply-comma "
        component="a"
        href="/organizations/1-testOrg/edit"
        isInline={true}
        key="0"
        ouiaId="taxonomy-inline-btn"
        variant="link"
      >
        testOrg
      </Button>
      <Button
        className="apply-comma disabled"
        component="a"
        href="#"
        isDisabled={true}
        isInline={true}
        key="1"
        ouiaId="taxonomy-inline-btn"
        variant="link"
      >
        testOrg2
      </Button>
    </strong>
  </GridItem>
</Grid>
`;
