// Jest Snapshot v1, https://goo.gl/fbAQLP

exports[`ShowOrgsLocs rendering render organizations and locations 1`] = `
<Col
  bsClass="col"
  className="taxonomy-section"
  componentClass="div"
  sm={10}
>
  <ShowTaxonomyInline
    displayLabel="Affected Organizations"
    items={
      Array [
        Object {
          "name": "testOrg",
          "url": "/organizations/1-testOrg/edit",
        },
        Object {
          "css_class": "disabled",
          "disabled": true,
          "name": "testOrg2",
          "url": "#",
        },
      ]
    }
  />
  <ShowTaxonomyInline
    displayLabel="Affected Locations"
    items={
      Array [
        Object {
          "name": "testLoc",
          "url": "/locations/1-testLoc/edit",
        },
      ]
    }
  />
</Col>
`;
