// Jest Snapshot v1, https://goo.gl/fbAQLP

exports[`documentation links should have an external link to documentation 1`] = `
<MenuItem
  bsClass="dropdown"
  disabled={false}
  divider={false}
  header={false}
  href="http://theforeman.org"
  key="documentationUrl"
  onClick={[Function]}
>
  <Icon
    name="question-circle"
    type="fa"
  />
   Documentation
</MenuItem>
`;
