// Jest Snapshot v1, https://goo.gl/fbAQLP

exports[`ImpersonateIcon should render 1`] = `
<Fragment>
  <Tooltip
    content="You are impersonating another user, click to stop the impersonation"
    position="bottom"
  >
    <span
      className="nav-item-iconic"
      onClick={[Function]}
    >
      <EyeIcon
        className="blink-image"
      />
    </span>
  </Tooltip>
  <Modal
    actions={
      Array [
        <Button
          onClick={[Function]}
          ouiaId="stop-impersonating"
          variant="primary"
        >
          Confirm
        </Button>,
        <Button
          onClick={[Function]}
          ouiaId="cancel-impersonating-modal"
          variant="secondary"
        >
          Cancel
        </Button>,
      ]
    }
    appendTo={[Function]}
    aria-describedby=""
    aria-label=""
    aria-labelledby=""
    className=""
    hasNoBodyWrapper={false}
    isOpen={false}
    onClose={[Function]}
    ouiaId="impersonate-modal"
    ouiaSafe={true}
    position="top"
    showClose={true}
    title="Confirm Action"
    titleIconVariant={null}
    titleLabel=""
    variant="small"
  >
    You are about to stop impersonating other user. Are you sure?
  </Modal>
</Fragment>
`;
