// Jest Snapshot v1, https://goo.gl/fbAQLP

exports[`Foreman form helper functions should format errors 1`] = `
Object {
  "errors": Object {
    "email": Array [
      "is not a valid format",
    ],
    "name": Array [
      "is already taken",
      "is too short",
    ],
    "phone": Array [
      "is too long",
    ],
  },
}
`;

exports[`Foreman form helper functions should recognize invalid initial values 1`] = `false`;

exports[`Foreman form helper functions should recognize valid initial values 1`] = `true`;

exports[`ForemanForm render foreman form with fields 1`] = `
<ForemanForm
  initialValues={
    Object {
      "name": "Charles",
      "surname": "Lindbergh",
    }
  }
  onCancel={[Function]}
  onSubmit={[Function]}
  validationSchema={
    ObjectSchema {
      "_blacklist": RefSet {
        "list": Array [],
        "refs": Array [],
      },
      "_conditions": Array [],
      "_defaultDefault": [Function],
      "_deps": Array [],
      "_excludedEdges": Array [],
      "_exclusive": Object {},
      "_mutate": undefined,
      "_nodes": Array [
        "surname",
        "name",
      ],
      "_options": Object {
        "abortEarly": true,
        "recursive": true,
      },
      "_type": "object",
      "_typeError": [Function],
      "_whitelist": RefSet {
        "list": Array [],
        "refs": Array [],
      },
      "fields": Object {
        "name": StringSchema {
          "_blacklist": RefSet {
            "list": Array [],
            "refs": Array [],
          },
          "_conditions": Array [],
          "_deps": Array [],
          "_exclusive": Object {
            "required": true,
          },
          "_mutate": undefined,
          "_options": Object {
            "abortEarly": true,
            "recursive": true,
          },
          "_type": "string",
          "_typeError": [Function],
          "_whitelist": RefSet {
            "list": Array [],
            "refs": Array [],
          },
          "tests": Array [
            [Function],
          ],
          "transforms": Array [
            [Function],
          ],
          "type": "string",
        },
        "surname": StringSchema {
          "_blacklist": RefSet {
            "list": Array [],
            "refs": Array [],
          },
          "_conditions": Array [],
          "_deps": Array [],
          "_exclusive": Object {
            "min": true,
          },
          "_mutate": undefined,
          "_options": Object {
            "abortEarly": true,
            "recursive": true,
          },
          "_type": "string",
          "_typeError": [Function],
          "_whitelist": RefSet {
            "list": Array [],
            "refs": Array [],
          },
          "tests": Array [
            [Function],
          ],
          "transforms": Array [
            [Function],
          ],
          "type": "string",
        },
      },
      "tests": Array [],
      "transforms": Array [
        [Function],
      ],
      "type": "object",
    }
  }
>
  <TextField
    className=""
    label="name"
    name="name"
    required="true"
    type="text"
  />
  <TextField
    className=""
    label="surname"
    name="surname"
    required={false}
    type="text"
  />
</ForemanForm>
`;
