// Jest Snapshot v1, https://goo.gl/fbAQLP

exports[`factCharts should render closed 1`] = `
<ContextProvider
  value={null}
>
  <FactChart
    closeModal={[Function]}
    data={
      Object {
        "id": 1,
        "title": "test title",
      }
    }
    factChart={
      Object {
        "chartData": Array [],
        "loaderStatus": "",
        "modalToDisplay": Object {},
      }
    }
    getChartData={[Function]}
    hostsCount={0}
    modalToDisplay={false}
    showModal={[Function]}
    store={
      Object {
        "dispatch": [Function],
        "getState": [Function],
        "replaceReducer": [Function],
        "subscribe": [Function],
        Symbol(Symbol.observable): [Function],
      }
    }
  />
</ContextProvider>
`;

exports[`factCharts should render open 1`] = `
<ContextProvider
  value={null}
>
  <FactChart
    closeModal={[Function]}
    data={
      Object {
        "id": 1,
        "title": "test title",
      }
    }
    factChart={
      Object {
        "chartData": Array [],
        "loaderStatus": "",
        "modalToDisplay": Object {},
      }
    }
    getChartData={[Function]}
    hostsCount={0}
    modalToDisplay={false}
    showModal={[Function]}
    store={
      Object {
        "dispatch": [Function],
        "getState": [Function],
        "replaceReducer": [Function],
        "subscribe": [Function],
        Symbol(Symbol.observable): [Function],
      }
    }
  />
</ContextProvider>
`;
