// Jest Snapshot v1, https://goo.gl/fbAQLP

exports[`DatePicker is working properly 1`] = `
<div>
  <span
    class="input-group date-time-picker-pf input-group"
  >
    <input
      aria-label="date-time-picker-input"
      class="form-control"
      type="text"
      value="2/21/2019"
    />
    <span
      class="date-picker-pf input-group-addon"
    >
      <span
        aria-hidden="true"
        class="fa fa-calendar"
      />
    </span>
  </span>
</div>
`;

exports[`Edit form of DatePicker 1`] = `
<div>
  <span
    class="input-group date-time-picker-pf input-group"
  >
    <input
      aria-label="date-time-picker-input"
      class="form-control"
      type="text"
      value="2/21/2019"
    />
    <span
      class="date-picker-pf input-group-addon"
    >
      <span
        aria-hidden="true"
        class="fa fa-calendar"
      />
    </span>
  </span>
</div>
`;
