// Jest Snapshot v1, https://goo.gl/fbAQLP

exports[`bookmark form - unit tests should render the entire form 1`] = `
<Component
  onCancel={[Function]}
>
  <TextField
    label="Name"
    name="name"
    required="true"
    type="text"
    validate={
      Array [
        [Function],
        [Function],
      ]
    }
  />
  <TextField
    inputClassName="col-md-8"
    label="Query"
    name="query"
    required="true"
    type="textarea"
    validate={
      Array [
        [Function],
        [Function],
      ]
    }
  />
  <TextField
    label="Public"
    name="publik"
    type="checkbox"
  />
</Component>
`;
