// Jest Snapshot v1, https://goo.gl/fbAQLP

exports[`Search Input should render 1`] = `
<div
  className="input-search"
>
  <Icon>
    <SearchIcon />
  </Icon>
  <DebounceInput
    className="form-control"
    debounceTimeout={300}
    element="input"
    forceNotifyByEnter={true}
    forceNotifyOnBlur={true}
    id="breadcrumbs-search"
    inputRef={[Function]}
    minLength={0}
    onChange={[Function]}
    placeholder="filter..."
    type="text"
    value="val"
  />
  <Button
    aria-label="Clear"
    onClick={[Function]}
    ouiaId="clear-search-input-button"
    variant="plain"
  >
    <Icon>
      <TimesIcon />
    </Icon>
  </Button>
</div>
`;
