// Jest Snapshot v1, https://goo.gl/fbAQLP

exports[`HeaderToolbar rendering render HeaderToolbar 1`] = `
<Toolbar
  id="data-toolbar"
  isFullHeight={true}
  isStatic={true}
>
  <ToolbarContent
    isExpanded={false}
    showClearFiltersButton={false}
  >
    <ForwardRef
      className="header-tool-item-hidden-lg"
    >
      <TaxonomySwitcher
        isLoading={false}
        locations={
          Array [
            Object {
              "href": "/locations/2-london/select",
              "id": 2,
              "title": "london",
            },
            Object {
              "href": "/locations/3-norway/select",
              "id": 3,
              "title": "norway",
            },
          ]
        }
        organizations={
          Array [
            Object {
              "href": "/organizations/1-org1/select",
              "id": 1,
              "title": "org1",
            },
            Object {
              "href": "/organizations/2-org2/select",
              "id": 2,
              "title": "org2",
            },
          ]
        }
      />
    </ForwardRef>
    <ForwardRef
      alignment={
        Object {
          "default": "alignRight",
        }
      }
    >
      <ToolbarItem>
        <InstanceTitleViewer
          title="Production"
        />
      </ToolbarItem>
      <ToolbarItem
        className="notifications_container"
      >
        <Connect(OnClickOutside(notificationContainer))
          data={
            Object {
              "url": "/notification_recipients",
            }
          }
        />
      </ToolbarItem>
      <ToolbarItem
        className="impersonation-item"
      >
        <Connect(ImpersonateIcon)
          stopImpersonationUrl="/users/stop_impersonation"
        />
      </ToolbarItem>
      <ToolbarItem
        className="header-tool-item-hidden-lg user-nav-item"
      >
        <UserDropdowns
          className=""
          instanceTitle=""
          notificationUrl="/notification_recipients"
          user={
            Object {
              "current_user": Object {
                "firstname": "Admin",
                "id": 4,
                "lastname": "User",
                "login": "admin",
                "name": "Admin User",
              },
              "impersonated_by": true,
              "user_dropdown": Array [
                Object {
                  "children": Array [
                    Object {
                      "href": "/a",
                      "id": "menu_item_aa",
                      "isDivider": false,
                      "onClick": [MockFunction],
                      "title": "Aa",
                    },
                    Object {
                      "href": "/c",
                      "id": "menu_item_cc",
                      "isDivider": false,
                      "onClick": [MockFunction],
                      "title": "Cc",
                    },
                  ],
                  "icon": "fa fa-user",
                  "name": "User",
                  "type": "sub_menu",
                },
              ],
            }
          }
        />
      </ToolbarItem>
    </ForwardRef>
  </ToolbarContent>
</Toolbar>
`;
