// Jest Snapshot v1, https://goo.gl/fbAQLP

exports[`Interval Helpers return registeredIntervalException error 1`] = `[Error: There is already an interval running and registered for: SOME_KEY.]`;

exports[`Interval Helpers return unregisteredIntervalException error 1`] = `[Error: Can't find a registered interval process for: SOME_KEY]`;
